// Jest Snapshot v1, https://goo.gl/fbAQLP

exports[`Pruebas AddCategory Debe mostrar el snapshot 1`] = `
<form
  onSubmit={[Function]}
>
  <input
    onChange={[Function]}
    placeholder="Type about something..."
    type="text"
    value=""
  />
</form>
`;
